---
source: tui/src/bottom_pane/chat_composer.rs
assertion_line: 4485
expression: terminal.backend()
---
"                                                                                                    "
"› Ask Codex to do anything                                                                          "
"                                                                                                    "
"                                                                                                    "
"                                                                                                    "
"                                                                                                    "
"                                                                                                    "
"                                                                                                    "
"  gpt-5.4 high fast · ~/code/codex-1 · Context 0% used                                              "
