---
source: tui/src/chatwidget/tests/side.rs
expression: terminal.backend()
---
"                                                                                "
"                                                                                "
"› Check recently modified functions for compatibility                           "
"                                                                                "
"  gpt-5.5 default… Side from main thread · main needs input · Ctrl+C to return  "
